** Drc report for internship.kicad_pcb **
** Created on 2026-10-02T16:18:39 **
** Report includes: Errors, Warnings, Exclusions **

** Found 61 DRC violations **
[clearance]: Clearance violation ( clearance 0.2000 mm; actual 0.1750 mm)
    Local override; error
    @(168.9875 mm, 74.2500 mm): Pad 1 [/IMU_MISO] of U2 on F.Cu
    @(169.6500 mm, 74.0875 mm): Pad 14 [/IMU_MOSI] of U2 on F.Cu
[clearance]: Clearance violation ( clearance 0.2000 mm; actual 0.1500 mm)
    Local override; error
    @(168.9875 mm, 74.2500 mm): Pad 1 [/IMU_MISO] of U2 on F.Cu
    @(168.9875 mm, 74.7500 mm): Pad 2 [GND] of U2 on F.Cu
[clearance]: Clearance violation ( clearance 0.2000 mm; actual 0.1500 mm)
    Local override; error
    @(168.9875 mm, 75.7500 mm): Pad 4 [/IMU_INT] of U2 on F.Cu
    @(168.9875 mm, 75.2500 mm): Pad 3 [GND] of U2 on F.Cu
[clearance]: Clearance violation ( clearance 0.2000 mm; actual 0.1750 mm)
    Local override; error
    @(169.6500 mm, 75.9125 mm): Pad 5 [+3V3] of U2 on F.Cu
    @(168.9875 mm, 75.7500 mm): Pad 4 [/IMU_INT] of U2 on F.Cu
[clearance]: Clearance violation ( clearance 0.2000 mm; actual 0.1500 mm)
    Local override; error
    @(169.6500 mm, 75.9125 mm): Pad 5 [+3V3] of U2 on F.Cu
    @(170.1500 mm, 75.9125 mm): Pad 6 [GND] of U2 on F.Cu
[clearance]: Clearance violation ( clearance 0.2000 mm; actual 0.1750 mm)
    Local override; error
    @(171.3125 mm, 75.7500 mm): Pad 8 [+3V3] of U2 on F.Cu
    @(170.6500 mm, 75.9125 mm): Pad 7 [GND] of U2 on F.Cu
[clearance]: Clearance violation ( clearance 0.2000 mm; actual 0.1500 mm)
    Local override; error
    @(171.3125 mm, 75.7500 mm): Pad 8 [+3V3] of U2 on F.Cu
    @(171.3125 mm, 75.2500 mm): Pad 9 [unconnected-(U2-INT2-Pad9] of U2 on F.Cu
[clearance]: Clearance violation ( clearance 0.2000 mm; actual 0.1500 mm)
    Local override; error
    @(171.3125 mm, 74.7500 mm): Pad 10 [GND] of U2 on F.Cu
    @(171.3125 mm, 75.2500 mm): Pad 9 [unconnected-(U2-INT2-Pad9] of U2 on F.Cu
[clearance]: Clearance violation ( clearance 0.2000 mm; actual 0.1750 mm)
    Local override; error
    @(171.3125 mm, 74.2500 mm): Pad 11 [GND] of U2 on F.Cu
    @(170.6500 mm, 74.0875 mm): Pad 12 [/IMU_CS] of U2 on F.Cu
[clearance]: Clearance violation ( clearance 0.2000 mm; actual 0.1500 mm)
    Local override; error
    @(170.1500 mm, 74.0875 mm): Pad 13 [/IMU_SCK] of U2 on F.Cu
    @(170.6500 mm, 74.0875 mm): Pad 12 [/IMU_CS] of U2 on F.Cu
[clearance]: Clearance violation ( clearance 0.2000 mm; actual 0.1500 mm)
    Local override; error
    @(169.6500 mm, 74.0875 mm): Pad 14 [/IMU_MOSI] of U2 on F.Cu
    @(170.1500 mm, 74.0875 mm): Pad 13 [/IMU_SCK] of U2 on F.Cu
[copper_edge_clearance]: Board edge clearance violation (board setup constraints edge clearance 0.5000 mm; actual 0.0266 mm)
    Rule: board setup constraints edge; error
    @(151.1420 mm, 74.0001 mm): Segment on Edge.Cuts
    @(150.7200 mm, 79.6500 mm): Pad [<no net>] of SW3 on F.Cu
[copper_edge_clearance]: Board edge clearance violation (board setup constraints edge clearance 0.5000 mm; actual 0.1739 mm)
    Rule: board setup constraints edge; error
    @(149.1420 mm, 74.0001 mm): Segment on Edge.Cuts
    @(150.0700 mm, 78.2500 mm): Pad 1 [+VBAT] of SW3 on F.Cu
[copper_edge_clearance]: Board edge clearance violation (board setup constraints edge clearance 0.5000 mm; actual 0.1766 mm)
    Rule: board setup constraints edge; error
    @(149.1420 mm, 74.0001 mm): Segment on Edge.Cuts
    @(150.0700 mm, 75.2500 mm): Pad 2 [/+V_SYS] of SW3 on F.Cu
[copper_edge_clearance]: Board edge clearance violation (board setup constraints edge clearance 0.5000 mm; actual 0.0000 mm)
    Rule: board setup constraints edge; error
    @(149.6626 mm, 74.0236 mm): Arc on Edge.Cuts
    @(150.0700 mm, 73.7500 mm): Pad 3 [unconnected-(SW3-C-Pad3] of SW3 on F.Cu
[copper_edge_clearance]: Board edge clearance violation (board setup constraints edge clearance 0.5000 mm; actual 0.0000 mm)
    Rule: board setup constraints edge; error
    @(151.1420 mm, 74.0001 mm): Segment on Edge.Cuts
    @(151.1750 mm, 81.5000 mm): Pad 1 [/+V_SYS] of R26 on F.Cu
[drill_out_of_range]: Hole size out of range (board setup constraints min hole 0.3000 mm; actual 0.2000 mm)
    Rule: board setup constraints; error
    @(173.0496 mm, 92.2400 mm): PTH pad 41 [GND] of U1
[drill_out_of_range]: Hole size out of range (board setup constraints min hole 0.3000 mm; actual 0.2000 mm)
    Rule: board setup constraints; error
    @(173.0496 mm, 90.8400 mm): PTH pad 41 [GND] of U1
[drill_out_of_range]: Hole size out of range (board setup constraints min hole 0.3000 mm; actual 0.2000 mm)
    Rule: board setup constraints; error
    @(172.3496 mm, 92.9400 mm): PTH pad 41 [GND] of U1
[drill_out_of_range]: Hole size out of range (board setup constraints min hole 0.3000 mm; actual 0.2000 mm)
    Rule: board setup constraints; error
    @(172.3496 mm, 91.5400 mm): PTH pad 41 [GND] of U1
[drill_out_of_range]: Hole size out of range (board setup constraints min hole 0.3000 mm; actual 0.2000 mm)
    Rule: board setup constraints; error
    @(172.3496 mm, 90.1400 mm): PTH pad 41 [GND] of U1
[drill_out_of_range]: Hole size out of range (board setup constraints min hole 0.3000 mm; actual 0.2000 mm)
    Rule: board setup constraints; error
    @(171.6496 mm, 92.2400 mm): PTH pad 41 [GND] of U1
[drill_out_of_range]: Hole size out of range (board setup constraints min hole 0.3000 mm; actual 0.2000 mm)
    Rule: board setup constraints; error
    @(171.6496 mm, 90.8400 mm): PTH pad 41 [GND] of U1
[drill_out_of_range]: Hole size out of range (board setup constraints min hole 0.3000 mm; actual 0.2000 mm)
    Rule: board setup constraints; error
    @(170.9496 mm, 92.9400 mm): PTH pad 41 [GND] of U1
[drill_out_of_range]: Hole size out of range (board setup constraints min hole 0.3000 mm; actual 0.2000 mm)
    Rule: board setup constraints; error
    @(170.9496 mm, 91.5400 mm): PTH pad 41 [GND] of U1
[drill_out_of_range]: Hole size out of range (board setup constraints min hole 0.3000 mm; actual 0.2000 mm)
    Rule: board setup constraints; error
    @(170.9496 mm, 90.1400 mm): PTH pad 41 [GND] of U1
[drill_out_of_range]: Hole size out of range (board setup constraints min hole 0.3000 mm; actual 0.2000 mm)
    Rule: board setup constraints; error
    @(170.2496 mm, 92.2400 mm): PTH pad 41 [GND] of U1
[drill_out_of_range]: Hole size out of range (board setup constraints min hole 0.3000 mm; actual 0.2000 mm)
    Rule: board setup constraints; error
    @(170.2496 mm, 90.8400 mm): PTH pad 41 [GND] of U1
[silk_edge_clearance]: Silkscreen clipped by board edge
    Rule: board setup constraints silk; warning
    @(176.0000 mm, 56.0000 mm): Segment on Edge.Cuts
    @(165.4500 mm, 57.8000 mm): Segment of J2 on F.Silkscreen
[silk_edge_clearance]: Silkscreen clipped by board edge
    Rule: board setup constraints silk; warning
    @(176.0000 mm, 56.0000 mm): Segment on Edge.Cuts
    @(174.8500 mm, 57.8000 mm): Segment of J2 on F.Silkscreen
[silk_edge_clearance]: Silkscreen clipped by board edge
    Rule: board setup constraints silk; warning
    @(192.6505 mm, 72.9951 mm): Segment on Edge.Cuts
    @(184.8400 mm, 81.0600 mm): Segment of J1 on F.Silkscreen
[silk_edge_clearance]: Silkscreen clipped by board edge
    Rule: board setup constraints silk; warning
    @(192.6505 mm, 72.9951 mm): Segment on Edge.Cuts
    @(188.3000 mm, 77.5000 mm): Segment of J1 on F.Silkscreen
[silk_edge_clearance]: Silkscreen clipped by board edge
    Rule: board setup constraints silk; warning
    @(192.6505 mm, 72.9951 mm): Segment on Edge.Cuts
    @(190.4000 mm, 79.3000 mm): Segment of J1 on F.Silkscreen
[silk_edge_clearance]: Silkscreen clipped by board edge
    Rule: board setup constraints silk; warning
    @(192.6505 mm, 72.9951 mm): Segment on Edge.Cuts
    @(190.4000 mm, 79.8000 mm): Segment of J1 on F.Silkscreen
[silk_edge_clearance]: Silkscreen clipped by board edge
    Rule: board setup constraints silk; warning
    @(192.6505 mm, 72.9951 mm): Segment on Edge.Cuts
    @(192.6600 mm, 74.9400 mm): Segment of J1 on F.Silkscreen
[silk_edge_clearance]: Silkscreen clipped by board edge
    Rule: board setup constraints silk; warning
    @(192.6505 mm, 72.9951 mm): Segment on Edge.Cuts
    @(192.6600 mm, 78.5000 mm): Segment of J1 on F.Silkscreen
[silk_edge_clearance]: Silkscreen clipped by board edge
    Rule: board setup constraints silk; warning
    @(192.6505 mm, 72.9951 mm): Segment on Edge.Cuts
    @(192.6600 mm, 81.0600 mm): Segment of J1 on F.Silkscreen
[silk_edge_clearance]: Silkscreen clipped by board edge
    Rule: board setup constraints silk; warning
    @(151.1420 mm, 74.0001 mm): Segment on Edge.Cuts
    @(152.0000 mm, 80.0700 mm): Reference field of R26
[silk_edge_clearance]: Silkscreen clipped by board edge
    Rule: board setup constraints silk; warning
    @(186.2577 mm, 172.5433 mm): Arc on Edge.Cuts
    @(160.9496 mm, 106.9000 mm): Segment of U1 on F.Silkscreen
[silk_edge_clearance]: Silkscreen clipped by board edge
    Rule: board setup constraints silk; warning
    @(154.0403 mm, 172.5447 mm): Arc on Edge.Cuts
    @(179.3496 mm, 106.9000 mm): Segment of U1 on F.Silkscreen
[silk_overlap]: Silkscreen clearance
    Rule: board setup constraints silk; warning
    @(184.0000 mm, 63.6000 mm): Reference field of U4
    @(184.2627 mm, 63.5225 mm): Segment of R6 on F.Silkscreen
[silk_overlap]: Silkscreen clearance
    Rule: board setup constraints silk; warning
    @(152.0000 mm, 80.0700 mm): Reference field of R26
    @(151.4300 mm, 79.4500 mm): Segment of SW3 on F.Silkscreen
[silk_overlap]: Silkscreen clearance
    Rule: board setup constraints silk; warning
    @(158.4000 mm, 80.0700 mm): Reference field of C27
    @(158.5700 mm, 79.0000 mm): Reference field of C12
[silk_overlap]: Silkscreen clearance
    Rule: board setup constraints silk; warning
    @(158.5700 mm, 72.0000 mm): Reference field of C2
    @(156.0900 mm, 72.4400 mm): Segment of U5 on F.Silkscreen
[silk_overlap]: Silkscreen clearance
    Rule: board setup constraints silk; warning
    @(158.5700 mm, 72.0000 mm): Reference field of C2
    @(157.9100 mm, 72.4400 mm): Segment of U5 on F.Silkscreen
[silk_overlap]: Silkscreen clearance
    Rule: board setup constraints silk; warning
    @(177.5700 mm, 75.8000 mm): Reference field of C26
    @(177.2000 mm, 77.0700 mm): Reference field of R33
[silk_overlap]: Silkscreen clearance
    Rule: board setup constraints silk; warning
    @(177.1500 mm, 74.0400 mm): Segment of U6 on F.Silkscreen
    @(177.5700 mm, 72.7750 mm): Reference field of C25
[silk_overlap]: Silkscreen clearance
    Rule: board setup constraints silk; warning
    @(177.5700 mm, 72.7750 mm): Reference field of C25
    @(177.0000 mm, 73.4000 mm): Segment of U6 on F.Silkscreen
[silk_overlap]: Silkscreen clearance
    Rule: board setup constraints silk; warning
    @(177.5700 mm, 75.8000 mm): Reference field of C26
    @(176.8750 mm, 75.5750 mm): Segment of U6 on F.Silkscreen
[silk_overlap]: Silkscreen clearance
    Rule: board setup constraints silk; warning
    @(177.5700 mm, 75.8000 mm): Reference field of C26
    @(177.1500 mm, 75.6000 mm): Segment of U6 on F.Silkscreen
[silk_over_copper]: Silkscreen clipped by solder mask
    Local override; warning
    @(174.7500 mm, 64.5700 mm): Reference field of C9
    @(174.4700 mm, 62.9300 mm): PTH pad SH [<no net>] of J2
[silk_over_copper]: Silkscreen clipped by solder mask
    Local override; warning
    @(184.0000 mm, 63.6000 mm): Reference field of U4
    @(183.6750 mm, 63.0000 mm): Pad 1 [+5V] of R6 on F.Cu
[silk_over_copper]: Silkscreen clipped by solder mask
    Local override; warning
    @(152.0000 mm, 80.0700 mm): Reference field of R26
    @(152.9300 mm, 79.6500 mm): Pad [<no net>] of SW3 on F.Cu
[silk_over_copper]: Silkscreen clipped by solder mask
    Local override; warning
    @(158.4000 mm, 80.0700 mm): Reference field of C27
    @(160.0000 mm, 79.7750 mm): Pad 1 [+3V3] of C12 on F.Cu
[silk_over_copper]: Silkscreen clipped by solder mask
    Local override; warning
    @(158.5700 mm, 75.5000 mm): Reference field of C3
    @(158.1375 mm, 74.9500 mm): Pad 4 [unconnected-(U5-NC-Pad4] of U5 on F.Cu
[silk_over_copper]: Silkscreen clipped by solder mask
    Local override; warning
    @(158.5700 mm, 72.0000 mm): Reference field of C2
    @(158.1375 mm, 73.0500 mm): Pad 5 [+3V3] of U5 on F.Cu
[silk_over_copper]: Silkscreen clipped by solder mask
    Local override; warning
    @(187.3200 mm, 67.0000 mm): Reference field of C10
    @(186.4750 mm, 67.6350 mm): Pad 6 [Net-(D2-K] of U4 on F.Cu
[silk_over_copper]: Silkscreen clipped by solder mask
    Local override; warning
    @(187.3200 mm, 67.0000 mm): Reference field of C10
    @(186.4750 mm, 66.3650 mm): Pad 7 [Net-(D1-K] of U4 on F.Cu
[silk_over_copper]: Silkscreen clipped by solder mask
    Local override; warning
    @(177.2000 mm, 77.0700 mm): Reference field of R33
    @(179.0000 mm, 76.5750 mm): Pad 1 [+3V3] of C26 on F.Cu
[silk_over_copper]: Silkscreen clipped by solder mask
    Local override; warning
    @(177.5700 mm, 72.7750 mm): Reference field of C25
    @(176.7750 mm, 73.7000 mm): Pad 4 [/ESP_SCL] of U6 on F.Cu
[silk_over_copper]: Silkscreen clipped by solder mask
    Local override; warning
    @(176.8750 mm, 75.5750 mm): Segment of U6 on F.Silkscreen
    @(176.7750 mm, 75.3000 mm): Pad 5 [GND] of U6 on F.Cu

** Found 187 unconnected pads **
[unconnected_items]: Missing connection between items
    Local override; error
    @(150.0700 mm, 78.2500 mm): Pad 1 [+VBAT] of SW3 on F.Cu
    @(186.3000 mm, 79.0000 mm): PTH pad 1 [+VBAT] of J1
[unconnected_items]: Missing connection between items
    Local override; error
    @(186.4750 mm, 68.9050 mm): Pad 5 [+VBAT] of U4 on F.Cu
    @(186.3000 mm, 79.0000 mm): PTH pad 1 [+VBAT] of J1
[unconnected_items]: Missing connection between items
    Local override; error
    @(189.0000 mm, 67.9500 mm): Pad 1 [+VBAT] of C10 on F.Cu
    @(186.4750 mm, 68.9050 mm): Pad 5 [+VBAT] of U4 on F.Cu
[unconnected_items]: Missing connection between items
    Local override; error
    @(54.2121 mm, 85.5700 mm): Pad 2 [GND] of Q1 on F.Cu
    @(54.2121 mm, 91.5700 mm): Pad 2 [GND] of Q2 on F.Cu
[unconnected_items]: Missing connection between items
    Local override; error
    @(54.2121 mm, 85.5700 mm): Pad 2 [GND] of Q1 on F.Cu
    @(68.1496 mm, 83.2400 mm): PTH pad 4 [GND] of J3
[unconnected_items]: Missing connection between items
    Local override; error
    @(54.2121 mm, 91.5700 mm): Pad 2 [GND] of Q2 on F.Cu
    @(54.2121 mm, 97.5700 mm): Pad 2 [GND] of Q3 on F.Cu
[unconnected_items]: Missing connection between items
    Local override; error
    @(54.2121 mm, 97.5700 mm): Pad 2 [GND] of Q3 on F.Cu
    @(54.2121 mm, 103.5700 mm): Pad 2 [GND] of Q4 on F.Cu
[unconnected_items]: Missing connection between items
    Local override; error
    @(54.2121 mm, 103.5700 mm): Pad 2 [GND] of Q4 on F.Cu
    @(54.2121 mm, 109.5700 mm): Pad 2 [GND] of Q5 on F.Cu
[unconnected_items]: Missing connection between items
    Local override; error
    @(54.2121 mm, 109.5700 mm): Pad 2 [GND] of Q5 on F.Cu
    @(54.2121 mm, 115.5700 mm): Pad 2 [GND] of Q6 on F.Cu
[unconnected_items]: Missing connection between items
    Local override; error
    @(57.5996 mm, 66.1500 mm): Pad 3 [GND] of D7 on F.Cu
    @(54.2121 mm, 85.5700 mm): Pad 2 [GND] of Q1 on F.Cu
[unconnected_items]: Missing connection between items
    Local override; error
    @(68.1496 mm, 117.5400 mm): PTH pad 4 [GND] of J8
    @(66.0746 mm, 129.5450 mm): Pad 2 [GND] of SW1 on F.Cu
[unconnected_items]: Missing connection between items
    Local override; error
    @(68.1496 mm, 117.5400 mm): PTH pad 4 [GND] of J8
    @(54.2121 mm, 115.5700 mm): Pad 2 [GND] of Q6 on F.Cu
[unconnected_items]: Missing connection between items
    Local override; error
    @(70.2246 mm, 129.5450 mm): Pad 2 [GND] of SW1 on F.Cu
    @(66.0746 mm, 129.5450 mm): Pad 2 [GND] of SW1 on F.Cu
[unconnected_items]: Missing connection between items
    Local override; error
    @(70.2246 mm, 135.7950 mm): Pad 2 [GND] of SW2 on F.Cu
    @(66.0746 mm, 135.7950 mm): Pad 2 [GND] of SW2 on F.Cu
[unconnected_items]: Missing connection between items
    Local override; error
    @(70.2246 mm, 135.7950 mm): Pad 2 [GND] of SW2 on F.Cu
    @(70.2246 mm, 129.5450 mm): Pad 2 [GND] of SW1 on F.Cu
[unconnected_items]: Missing connection between items
    Local override; error
    @(70.2246 mm, 135.7950 mm): Pad 2 [GND] of SW2 on F.Cu
    @(107.9746 mm, 136.5000 mm): Pad 2 [GND] of R29 on F.Cu
[unconnected_items]: Missing connection between items
    Local override; error
    @(107.9746 mm, 88.5000 mm): Pad 2 [GND] of R11 on F.Cu
    @(107.9746 mm, 76.5000 mm): Pad 2 [GND] of R9 on F.Cu
[unconnected_items]: Missing connection between items
    Local override; error
    @(107.9746 mm, 88.5000 mm): Pad 2 [GND] of R11 on F.Cu
    @(107.9746 mm, 100.5000 mm): Pad 2 [GND] of R13 on F.Cu
[unconnected_items]: Missing connection between items
    Local override; error
    @(107.9746 mm, 100.5000 mm): Pad 2 [GND] of R13 on F.Cu
    @(107.9746 mm, 112.5000 mm): Pad 2 [GND] of R15 on F.Cu
[unconnected_items]: Missing connection between items
    Local override; error
    @(107.9746 mm, 112.5000 mm): Pad 2 [GND] of R15 on F.Cu
    @(107.9746 mm, 136.5000 mm): Pad 2 [GND] of R29 on F.Cu
[unconnected_items]: Missing connection between items
    Local override; error
    @(107.9746 mm, 136.5000 mm): Pad 2 [GND] of R29 on F.Cu
    @(107.9746 mm, 148.5000 mm): Pad 2 [GND] of R31 on F.Cu
[unconnected_items]: Missing connection between items
    Local override; error
    @(107.9746 mm, 196.5000 mm): Pad 2 [GND] of R40 on F.Cu
    @(107.9746 mm, 148.5000 mm): Pad 2 [GND] of R31 on F.Cu
[unconnected_items]: Missing connection between items
    Local override; error
    @(152.9500 mm, 70.0000 mm): Pad 2 [GND] of C1 on F.Cu
    @(156.7750 mm, 67.5000 mm): Pad 2 [GND] of C11 on F.Cu
[unconnected_items]: Missing connection between items
    Local override; error
    @(152.9500 mm, 70.0000 mm): Pad 2 [GND] of C1 on F.Cu
    @(107.9746 mm, 76.5000 mm): Pad 2 [GND] of R9 on F.Cu
[unconnected_items]: Missing connection between items
    Local override; error
    @(154.9500 mm, 90.0000 mm): Pad 2 [GND] of C24 on F.Cu
    @(156.0250 mm, 81.5000 mm): Pad 2 [GND] of R27 on F.Cu
[unconnected_items]: Missing connection between items
    Local override; error
    @(156.0250 mm, 81.5000 mm): Pad 2 [GND] of R27 on F.Cu
    @(159.1750 mm, 81.5000 mm): Pad 2 [GND] of C27 on F.Cu
[unconnected_items]: Missing connection between items
    Local override; error
    @(156.7750 mm, 67.5000 mm): Pad 2 [GND] of C11 on F.Cu
    @(160.0000 mm, 71.2250 mm): Pad 2 [GND] of C2 on F.Cu
[unconnected_items]: Missing connection between items
    Local override; error
    @(160.0000 mm, 74.7250 mm): Pad 2 [GND] of C3 on F.Cu
    @(160.0000 mm, 78.2250 mm): Pad 2 [GND] of C12 on F.Cu
[unconnected_items]: Missing connection between items
    Local override; error
    @(160.0000 mm, 74.7250 mm): Pad 2 [GND] of C3 on F.Cu
    @(160.0000 mm, 71.2250 mm): Pad 2 [GND] of C2 on F.Cu
[unconnected_items]: Missing connection between items
    Local override; error
    @(160.0000 mm, 74.7250 mm): Pad 2 [GND] of C3 on F.Cu
    @(155.8625 mm, 74.0000 mm): Pad 2 [GND] of U5 on F.Cu
[unconnected_items]: Missing connection between items
    Local override; error
    @(160.0000 mm, 74.7250 mm): Pad 2 [GND] of C3 on F.Cu
    @(166.5000 mm, 75.7250 mm): Pad 2 [GND] of C7 on F.Cu
[unconnected_items]: Missing connection between items
    Local override; error
    @(160.0000 mm, 78.2250 mm): Pad 2 [GND] of C12 on F.Cu
    @(159.1750 mm, 81.5000 mm): Pad 2 [GND] of C27 on F.Cu
[unconnected_items]: Missing connection between items
    Local override; error
    @(161.3996 mm, 99.2600 mm): Pad 40 [GND] of U1 on F.Cu
    @(154.9500 mm, 90.0000 mm): Pad 2 [GND] of C24 on F.Cu
[unconnected_items]: Missing connection between items
    Local override; error
    @(161.3996 mm, 99.2600 mm): Pad 40 [GND] of U1 on F.Cu
    @(170.2496 mm, 92.2400 mm): PTH pad 41 [GND] of U1
[unconnected_items]: Missing connection between items
    Local override; error
    @(166.5000 mm, 72.7250 mm): Pad 2 [GND] of C6 on F.Cu
    @(166.5000 mm, 75.7250 mm): Pad 2 [GND] of C7 on F.Cu
[unconnected_items]: Missing connection between items
    Local override; error
    @(166.9000 mm, 63.8450 mm): Pad A12 [GND] of J2 on F.Cu
    @(166.1750 mm, 66.0000 mm): Pad 2 [GND] of R2 on F.Cu
[unconnected_items]: Missing connection between items
    Local override; error
    @(166.9000 mm, 63.8450 mm): Pad A12 [GND] of J2 on F.Cu
    @(172.0000 mm, 66.0000 mm): Pad 1 [GND] of R1 on F.Cu
[unconnected_items]: Missing connection between items
    Local override; error
    @(168.9875 mm, 74.7500 mm): Pad 2 [GND] of U2 on F.Cu
    @(168.9875 mm, 75.2500 mm): Pad 3 [GND] of U2 on F.Cu
[unconnected_items]: Missing connection between items
    Local override; error
    @(168.9875 mm, 75.2500 mm): Pad 3 [GND] of U2 on F.Cu
    @(166.5000 mm, 75.7250 mm): Pad 2 [GND] of C7 on F.Cu
[unconnected_items]: Missing connection between items
    Local override; error
    @(170.1500 mm, 75.9125 mm): Pad 6 [GND] of U2 on F.Cu
    @(168.9875 mm, 75.2500 mm): Pad 3 [GND] of U2 on F.Cu
[unconnected_items]: Missing connection between items
    Local override; error
    @(170.6500 mm, 75.9125 mm): Pad 7 [GND] of U2 on F.Cu
    @(170.1500 mm, 75.9125 mm): Pad 6 [GND] of U2 on F.Cu
[unconnected_items]: Missing connection between items
    Local override; error
    @(171.3125 mm, 74.2500 mm): Pad 11 [GND] of U2 on F.Cu
    @(174.8250 mm, 73.7000 mm): Pad 1 [GND] of U6 on F.Cu
[unconnected_items]: Missing connection between items
    Local override; error
    @(171.3125 mm, 74.7500 mm): Pad 10 [GND] of U2 on F.Cu
    @(171.3125 mm, 74.2500 mm): Pad 11 [GND] of U2 on F.Cu
[unconnected_items]: Missing connection between items
    Local override; error
    @(171.3125 mm, 74.7500 mm): Pad 10 [GND] of U2 on F.Cu
    @(170.6500 mm, 75.9125 mm): Pad 7 [GND] of U2 on F.Cu
[unconnected_items]: Missing connection between items
    Local override; error
    @(172.0000 mm, 66.0000 mm): Pad 1 [GND] of R1 on F.Cu
    @(173.4000 mm, 63.8450 mm): Pad A1 [GND] of J2 on F.Cu
[unconnected_items]: Missing connection between items
    Local override; error
    @(172.3496 mm, 92.9400 mm): PTH pad 41 [GND] of U1
    @(178.8996 mm, 99.2600 mm): Pad 1 [GND] of U1 on F.Cu
[unconnected_items]: Missing connection between items
    Local override; error
    @(173.4000 mm, 63.8450 mm): Pad A1 [GND] of J2 on F.Cu
    @(175.7000 mm, 66.2500 mm): Pad 2 [GND] of C9 on F.Cu
[unconnected_items]: Missing connection between items
    Local override; error
    @(174.8250 mm, 73.7000 mm): Pad 1 [GND] of U6 on F.Cu
    @(175.4750 mm, 75.3000 mm): Pad 7 [GND] of U6 on F.Cu
[unconnected_items]: Missing connection between items
    Local override; error
    @(175.7000 mm, 66.2500 mm): Pad 2 [GND] of C9 on F.Cu
    @(178.5000 mm, 66.1750 mm): Pad 2 [GND] of R5 on F.Cu
[unconnected_items]: Missing connection between items
    Local override; error
    @(176.7750 mm, 75.3000 mm): Pad 5 [GND] of U6 on F.Cu
    @(175.4750 mm, 75.3000 mm): Pad 7 [GND] of U6 on F.Cu
[unconnected_items]: Missing connection between items
    Local override; error
    @(179.0000 mm, 72.0000 mm): Pad 2 [GND] of C25 on F.Cu
    @(179.0000 mm, 75.0250 mm): Pad 2 [GND] of C26 on F.Cu
[unconnected_items]: Missing connection between items
    Local override; error
    @(179.0000 mm, 72.0000 mm): Pad 2 [GND] of C25 on F.Cu
    @(181.5250 mm, 67.6350 mm): Pad 3 [GND] of U4 on F.Cu
[unconnected_items]: Missing connection between items
    Local override; error
    @(179.0000 mm, 75.0250 mm): Pad 2 [GND] of C26 on F.Cu
    @(176.7750 mm, 75.3000 mm): Pad 5 [GND] of U6 on F.Cu
[unconnected_items]: Missing connection between items
    Local override; error
    @(179.0000 mm, 75.0250 mm): Pad 2 [GND] of C26 on F.Cu
    @(186.3000 mm, 77.0000 mm): PTH pad 2 [GND] of J1
[unconnected_items]: Missing connection between items
    Local override; error
    @(181.5250 mm, 65.0950 mm): Pad 1 [GND] of U4 on F.Cu
    @(181.5250 mm, 67.6350 mm): Pad 3 [GND] of U4 on F.Cu
[unconnected_items]: Missing connection between items
    Local override; error
    @(181.5250 mm, 65.0950 mm): Pad 1 [GND] of U4 on F.Cu
    @(178.5000 mm, 66.1750 mm): Pad 2 [GND] of R5 on F.Cu
[unconnected_items]: Missing connection between items
    Local override; error
    @(181.5250 mm, 67.6350 mm): Pad 3 [GND] of U4 on F.Cu
    @(184.0000 mm, 67.0000 mm): Pad 9 [GND] of U4 on F.Cu
[unconnected_items]: Missing connection between items
    Local override; error
    @(184.0000 mm, 67.0000 mm): Pad 9 [GND] of U4 on F.Cu
    @(189.0000 mm, 66.0500 mm): Pad 2 [GND] of C10 on F.Cu
[unconnected_items]: Missing connection between items
    Local override; error
    @(42.1496 mm, 28.5000 mm): PTH pad 1 [/+V_SYS] of BZ1
    @(53.4996 mm, 40.5000 mm): Pad 1 [/+V_SYS] of D3 on F.Cu
[unconnected_items]: Missing connection between items
    Local override; error
    @(53.4996 mm, 40.5000 mm): Pad 1 [/+V_SYS] of D3 on F.Cu
    @(93.3746 mm, 28.5000 mm): Pad 1 [/+V_SYS] of C16 on F.Cu
[unconnected_items]: Missing connection between items
    Local override; error
    @(53.4996 mm, 46.5000 mm): Pad 1 [/+V_SYS] of D4 on F.Cu
    @(53.4996 mm, 40.5000 mm): Pad 1 [/+V_SYS] of D3 on F.Cu
[unconnected_items]: Missing connection between items
    Local override; error
    @(53.4996 mm, 52.5000 mm): Pad 1 [/+V_SYS] of D5 on F.Cu
    @(53.4996 mm, 46.5000 mm): Pad 1 [/+V_SYS] of D4 on F.Cu
[unconnected_items]: Missing connection between items
    Local override; error
    @(53.4996 mm, 58.5000 mm): Pad 1 [/+V_SYS] of D6 on F.Cu
    @(53.4996 mm, 52.5000 mm): Pad 1 [/+V_SYS] of D5 on F.Cu
[unconnected_items]: Missing connection between items
    Local override; error
    @(53.4996 mm, 58.5000 mm): Pad 1 [/+V_SYS] of D6 on F.Cu
    @(53.4996 mm, 78.6200 mm): Pad 1 [/+V_SYS] of D9 on F.Cu
[unconnected_items]: Missing connection between items
    Local override; error
    @(53.4996 mm, 78.6200 mm): Pad 1 [/+V_SYS] of D9 on F.Cu
    @(68.1496 mm, 89.3300 mm): PTH pad 1 [/+V_SYS] of J4
[unconnected_items]: Missing connection between items
    Local override; error
    @(68.1496 mm, 89.3300 mm): PTH pad 1 [/+V_SYS] of J4
    @(68.1496 mm, 95.4300 mm): PTH pad 1 [/+V_SYS] of J5
[unconnected_items]: Missing connection between items
    Local override; error
    @(68.1496 mm, 95.4300 mm): PTH pad 1 [/+V_SYS] of J5
    @(68.1496 mm, 101.5300 mm): PTH pad 1 [/+V_SYS] of J6
[unconnected_items]: Missing connection between items
    Local override; error
    @(68.1496 mm, 101.5300 mm): PTH pad 1 [/+V_SYS] of J6
    @(68.1496 mm, 107.6300 mm): PTH pad 1 [/+V_SYS] of J7
[unconnected_items]: Missing connection between items
    Local override; error
    @(80.3746 mm, 82.5000 mm): Pad 1 [/+V_SYS] of C13 on F.Cu
    @(80.3746 mm, 88.5000 mm): Pad 1 [/+V_SYS] of C14 on F.Cu
[unconnected_items]: Missing connection between items
    Local override; error
    @(80.3746 mm, 82.5000 mm): Pad 1 [/+V_SYS] of C13 on F.Cu
    @(150.0700 mm, 75.2500 mm): Pad 2 [/+V_SYS] of SW3 on F.Cu
[unconnected_items]: Missing connection between items
    Local override; error
    @(80.3746 mm, 88.5000 mm): Pad 1 [/+V_SYS] of C14 on F.Cu
    @(80.3746 mm, 94.5000 mm): Pad 1 [/+V_SYS] of C15 on F.Cu
[unconnected_items]: Missing connection between items
    Local override; error
    @(80.3746 mm, 88.5000 mm): Pad 1 [/+V_SYS] of C14 on F.Cu
    @(68.1496 mm, 89.3300 mm): PTH pad 1 [/+V_SYS] of J4
[unconnected_items]: Missing connection between items
    Local override; error
    @(106.3246 mm, 166.5000 mm): Pad 1 [/+V_SYS] of R35 on F.Cu
    @(68.1496 mm, 107.6300 mm): PTH pad 1 [/+V_SYS] of J7
[unconnected_items]: Missing connection between items
    Local override; error
    @(106.3246 mm, 172.5000 mm): Pad 1 [/+V_SYS] of R36 on F.Cu
    @(106.3246 mm, 166.5000 mm): Pad 1 [/+V_SYS] of R35 on F.Cu
[unconnected_items]: Missing connection between items
    Local override; error
    @(106.3246 mm, 172.5000 mm): Pad 1 [/+V_SYS] of R36 on F.Cu
    @(106.3246 mm, 178.5000 mm): Pad 1 [/+V_SYS] of R37 on F.Cu
[unconnected_items]: Missing connection between items
    Local override; error
    @(106.3246 mm, 178.5000 mm): Pad 1 [/+V_SYS] of R37 on F.Cu
    @(106.3246 mm, 184.5000 mm): Pad 1 [/+V_SYS] of R38 on F.Cu
[unconnected_items]: Missing connection between items
    Local override; error
    @(150.0700 mm, 75.2500 mm): Pad 2 [/+V_SYS] of SW3 on F.Cu
    @(155.8625 mm, 74.9500 mm): Pad 3 [/+V_SYS] of U5 on F.Cu
[unconnected_items]: Missing connection between items
    Local override; error
    @(151.1750 mm, 81.5000 mm): Pad 1 [/+V_SYS] of R26 on F.Cu
    @(150.0700 mm, 75.2500 mm): Pad 2 [/+V_SYS] of SW3 on F.Cu
[unconnected_items]: Missing connection between items
    Local override; error
    @(151.1750 mm, 81.5000 mm): Pad 1 [/+V_SYS] of R26 on F.Cu
    @(150.5500 mm, 90.0000 mm): Pad 1 [/+V_SYS] of C24 on F.Cu
[unconnected_items]: Missing connection between items
    Local override; error
    @(155.8625 mm, 73.0500 mm): Pad 1 [/+V_SYS] of U5 on F.Cu
    @(155.2250 mm, 67.5000 mm): Pad 1 [/+V_SYS] of C11 on F.Cu
[unconnected_items]: Missing connection between items
    Local override; error
    @(155.8625 mm, 74.9500 mm): Pad 3 [/+V_SYS] of U5 on F.Cu
    @(155.8625 mm, 73.0500 mm): Pad 1 [/+V_SYS] of U5 on F.Cu
[unconnected_items]: Missing connection between items
    Local override; error
    @(56.0871 mm, 84.6200 mm): Pad 3 [Net-(D3-A] of Q1 on F.Cu
    @(68.1496 mm, 90.6000 mm): PTH pad 2 [Net-(D3-A] of J4
[unconnected_items]: Missing connection between items
    Local override; error
    @(56.7996 mm, 40.5000 mm): Pad 2 [Net-(D3-A] of D3 on F.Cu
    @(56.0871 mm, 84.6200 mm): Pad 3 [Net-(D3-A] of Q1 on F.Cu
[unconnected_items]: Missing connection between items
    Local override; error
    @(68.1496 mm, 90.6000 mm): PTH pad 2 [Net-(D3-A] of J4
    @(81.9246 mm, 82.5000 mm): Pad 2 [Net-(D3-A] of C13 on F.Cu
[unconnected_items]: Missing connection between items
    Local override; error
    @(106.3246 mm, 106.5000 mm): Pad 1 [/MOTOR4_PWM] of R14 on F.Cu
    @(178.8996 mm, 91.6400 mm): Pad 7 [/MOTOR4_PWM] of U1 on F.Cu
[unconnected_items]: Missing connection between items
    Local override; error
    @(54.2121 mm, 101.6700 mm): Pad 1 [Net-(Q4-G] of Q4 on F.Cu
    @(106.3246 mm, 112.5000 mm): Pad 1 [Net-(Q4-G] of R15 on F.Cu
[unconnected_items]: Missing connection between items
    Local override; error
    @(106.3246 mm, 112.5000 mm): Pad 1 [Net-(Q4-G] of R15 on F.Cu
    @(107.9746 mm, 106.5000 mm): Pad 2 [Net-(Q4-G] of R14 on F.Cu
[unconnected_items]: Missing connection between items
    Local override; error
    @(56.0871 mm, 114.6200 mm): Pad 3 [Net-(D10-K] of Q6 on F.Cu
    @(67.3621 mm, 46.5000 mm): Pad 1 [Net-(D10-K] of D13 on F.Cu
[unconnected_items]: Missing connection between items
    Local override; error
    @(67.3621 mm, 34.5000 mm): Pad 1 [Net-(D10-K] of D11 on F.Cu
    @(67.3621 mm, 28.5000 mm): Pad 1 [Net-(D10-K] of D10 on F.Cu
[unconnected_items]: Missing connection between items
    Local override; error
    @(67.3621 mm, 40.5000 mm): Pad 1 [Net-(D10-K] of D12 on F.Cu
    @(67.3621 mm, 34.5000 mm): Pad 1 [Net-(D10-K] of D11 on F.Cu
[unconnected_items]: Missing connection between items
    Local override; error
    @(67.3621 mm, 46.5000 mm): Pad 1 [Net-(D10-K] of D13 on F.Cu
    @(67.3621 mm, 40.5000 mm): Pad 1 [Net-(D10-K] of D12 on F.Cu
[unconnected_items]: Missing connection between items
    Local override; error
    @(68.9371 mm, 34.5000 mm): Pad 2 [Net-(D11-A] of D11 on F.Cu
    @(107.9746 mm, 172.5000 mm): Pad 2 [Net-(D11-A] of R36 on F.Cu
[unconnected_items]: Missing connection between items
    Local override; error
    @(186.4750 mm, 67.6350 mm): Pad 6 [Net-(D2-K] of U4 on F.Cu
    @(186.7125 mm, 63.0000 mm): Pad 1 [Net-(D2-K] of D2 on F.Cu
[unconnected_items]: Missing connection between items
    Local override; error
    @(188.2875 mm, 63.0000 mm): Pad 2 [Net-(D2-A] of D2 on F.Cu
    @(191.3250 mm, 63.0000 mm): Pad 2 [Net-(D2-A] of R7 on F.Cu
[unconnected_items]: Missing connection between items
    Local override; error
    @(66.0746 mm, 127.3950 mm): Pad 1 [/ESP_EN] of SW1 on F.Cu
    @(70.2246 mm, 127.3950 mm): Pad 1 [/ESP_EN] of SW1 on F.Cu
[unconnected_items]: Missing connection between items
    Local override; error
    @(70.2246 mm, 127.3950 mm): Pad 1 [/ESP_EN] of SW1 on F.Cu
    @(107.9746 mm, 40.5000 mm): Pad 2 [/ESP_EN] of R3 on F.Cu
[unconnected_items]: Missing connection between items
    Local override; error
    @(160.0000 mm, 76.2750 mm): Pad 1 [/ESP_EN] of C3 on F.Cu
    @(107.9746 mm, 40.5000 mm): Pad 2 [/ESP_EN] of R3 on F.Cu
[unconnected_items]: Missing connection between items
    Local override; error
    @(178.8996 mm, 96.7200 mm): Pad 3 [/ESP_EN] of U1 on F.Cu
    @(160.0000 mm, 76.2750 mm): Pad 1 [/ESP_EN] of C3 on F.Cu
[unconnected_items]: Missing connection between items
    Local override; error
    @(56.0871 mm, 108.6200 mm): Pad 3 [Net-(BZ1--] of Q5 on F.Cu
    @(56.7996 mm, 78.6200 mm): Pad 2 [Net-(BZ1--] of D9 on F.Cu
[unconnected_items]: Missing connection between items
    Local override; error
    @(56.7996 mm, 78.6200 mm): Pad 2 [Net-(BZ1--] of D9 on F.Cu
    @(49.7496 mm, 28.5000 mm): PTH pad 2 [Net-(BZ1--] of BZ1
[unconnected_items]: Missing connection between items
    Local override; error
    @(54.2121 mm, 95.6700 mm): Pad 1 [Net-(Q3-G] of Q3 on F.Cu
    @(106.3246 mm, 100.5000 mm): Pad 1 [Net-(Q3-G] of R13 on F.Cu
[unconnected_items]: Missing connection between items
    Local override; error
    @(106.3246 mm, 100.5000 mm): Pad 1 [Net-(Q3-G] of R13 on F.Cu
    @(107.9746 mm, 94.5000 mm): Pad 2 [Net-(Q3-G] of R12 on F.Cu
[unconnected_items]: Missing connection between items
    Local override; error
    @(68.1496 mm, 75.6200 mm): PTH pad 1 [+3V3] of J3
    @(52.6996 mm, 62.8500 mm): Pad 1 [+3V3] of D7 on F.Cu
[unconnected_items]: Missing connection between items
    Local override; error
    @(68.1496 mm, 113.7300 mm): PTH pad 1 [+3V3] of J8
    @(68.1496 mm, 75.6200 mm): PTH pad 1 [+3V3] of J3
[unconnected_items]: Missing connection between items
    Local override; error
    @(106.3246 mm, 46.5000 mm): Pad 1 [+3V3] of R4 on F.Cu
    @(106.3246 mm, 40.5000 mm): Pad 1 [+3V3] of R3 on F.Cu
[unconnected_items]: Missing connection between items
    Local override; error
    @(106.3246 mm, 46.5000 mm): Pad 1 [+3V3] of R4 on F.Cu
    @(68.1496 mm, 75.6200 mm): PTH pad 1 [+3V3] of J3
[unconnected_items]: Missing connection between items
    Local override; error
    @(106.3246 mm, 46.5000 mm): Pad 1 [+3V3] of R4 on F.Cu
    @(151.0500 mm, 70.0000 mm): Pad 1 [+3V3] of C1 on F.Cu
[unconnected_items]: Missing connection between items
    Local override; error
    @(151.0500 mm, 70.0000 mm): Pad 1 [+3V3] of C1 on F.Cu
    @(158.1375 mm, 73.0500 mm): Pad 5 [+3V3] of U5 on F.Cu
[unconnected_items]: Missing connection between items
    Local override; error
    @(160.0000 mm, 72.7750 mm): Pad 1 [+3V3] of C2 on F.Cu
    @(158.1375 mm, 73.0500 mm): Pad 5 [+3V3] of U5 on F.Cu
[unconnected_items]: Missing connection between items
    Local override; error
    @(166.5000 mm, 74.2750 mm): Pad 1 [+3V3] of C6 on F.Cu
    @(166.5000 mm, 77.2750 mm): Pad 1 [+3V3] of C7 on F.Cu
[unconnected_items]: Missing connection between items
    Local override; error
    @(166.5000 mm, 74.2750 mm): Pad 1 [+3V3] of C6 on F.Cu
    @(160.0000 mm, 72.7750 mm): Pad 1 [+3V3] of C2 on F.Cu
[unconnected_items]: Missing connection between items
    Local override; error
    @(166.5000 mm, 77.2750 mm): Pad 1 [+3V3] of C7 on F.Cu
    @(169.6500 mm, 75.9125 mm): Pad 5 [+3V3] of U2 on F.Cu
[unconnected_items]: Missing connection between items
    Local override; error
    @(166.5000 mm, 77.2750 mm): Pad 1 [+3V3] of C7 on F.Cu
    @(160.0000 mm, 79.7750 mm): Pad 1 [+3V3] of C12 on F.Cu
[unconnected_items]: Missing connection between items
    Local override; error
    @(171.3125 mm, 75.7500 mm): Pad 8 [+3V3] of U2 on F.Cu
    @(169.6500 mm, 75.9125 mm): Pad 5 [+3V3] of U2 on F.Cu
[unconnected_items]: Missing connection between items
    Local override; error
    @(171.3125 mm, 75.7500 mm): Pad 8 [+3V3] of U2 on F.Cu
    @(174.8250 mm, 75.3000 mm): Pad 8 [+3V3] of U6 on F.Cu
[unconnected_items]: Missing connection between items
    Local override; error
    @(174.8250 mm, 75.3000 mm): Pad 8 [+3V3] of U6 on F.Cu
    @(176.1250 mm, 75.3000 mm): Pad 6 [+3V3] of U6 on F.Cu
[unconnected_items]: Missing connection between items
    Local override; error
    @(175.4750 mm, 73.7000 mm): Pad 2 [+3V3] of U6 on F.Cu
    @(174.8250 mm, 75.3000 mm): Pad 8 [+3V3] of U6 on F.Cu
[unconnected_items]: Missing connection between items
    Local override; error
    @(178.0250 mm, 78.5000 mm): Pad 2 [+3V3] of R33 on F.Cu
    @(174.8250 mm, 78.5000 mm): Pad 2 [+3V3] of R32 on F.Cu
[unconnected_items]: Missing connection between items
    Local override; error
    @(178.8996 mm, 97.9900 mm): Pad 2 [+3V3] of U1 on F.Cu
    @(178.0250 mm, 78.5000 mm): Pad 2 [+3V3] of R33 on F.Cu
[unconnected_items]: Missing connection between items
    Local override; error
    @(179.0000 mm, 76.5750 mm): Pad 1 [+3V3] of C26 on F.Cu
    @(178.0250 mm, 78.5000 mm): Pad 2 [+3V3] of R33 on F.Cu
[unconnected_items]: Missing connection between items
    Local override; error
    @(179.0000 mm, 76.5750 mm): Pad 1 [+3V3] of C26 on F.Cu
    @(179.0000 mm, 73.5500 mm): Pad 1 [+3V3] of C25 on F.Cu
[unconnected_items]: Missing connection between items
    Local override; error
    @(179.0000 mm, 76.5750 mm): Pad 1 [+3V3] of C26 on F.Cu
    @(176.1250 mm, 75.3000 mm): Pad 6 [+3V3] of U6 on F.Cu
[unconnected_items]: Missing connection between items
    Local override; error
    @(57.5996 mm, 62.8500 mm): Pad 4 [Net-(D7-DIN] of D7 on F.Cu
    @(107.9746 mm, 130.5000 mm): Pad 2 [Net-(D7-DIN] of R28 on F.Cu
[unconnected_items]: Missing connection between items
    Local override; error
    @(54.2121 mm, 89.6700 mm): Pad 1 [Net-(Q2-G] of Q2 on F.Cu
    @(106.3246 mm, 88.5000 mm): Pad 1 [Net-(Q2-G] of R11 on F.Cu
[unconnected_items]: Missing connection between items
    Local override; error
    @(106.3246 mm, 88.5000 mm): Pad 1 [Net-(Q2-G] of R11 on F.Cu
    @(107.9746 mm, 82.5000 mm): Pad 2 [Net-(Q2-G] of R10 on F.Cu
[unconnected_items]: Missing connection between items
    Local override; error
    @(106.3246 mm, 190.5000 mm): Pad 1 [/ARM_LIGHTS_EN] of R39 on F.Cu
    @(165.7046 mm, 81.5000 mm): Pad 24 [/ARM_LIGHTS_EN] of U1 on F.Cu
[unconnected_items]: Missing connection between items
    Local override; error
    @(106.3246 mm, 196.5000 mm): Pad 1 [Net-(Q6-G] of R40 on F.Cu
    @(107.9746 mm, 190.5000 mm): Pad 2 [Net-(Q6-G] of R39 on F.Cu
[unconnected_items]: Missing connection between items
    Local override; error
    @(107.9746 mm, 190.5000 mm): Pad 2 [Net-(Q6-G] of R39 on F.Cu
    @(54.2121 mm, 113.6700 mm): Pad 1 [Net-(Q6-G] of Q6 on F.Cu
[unconnected_items]: Missing connection between items
    Local override; error
    @(154.3750 mm, 81.5000 mm): Pad 1 [/VBAT_SENSE] of R27 on F.Cu
    @(152.8250 mm, 81.5000 mm): Pad 2 [/VBAT_SENSE] of R26 on F.Cu
[unconnected_items]: Missing connection between items
    Local override; error
    @(157.6250 mm, 81.5000 mm): Pad 1 [/VBAT_SENSE] of C27 on F.Cu
    @(154.3750 mm, 81.5000 mm): Pad 1 [/VBAT_SENSE] of R27 on F.Cu
[unconnected_items]: Missing connection between items
    Local override; error
    @(161.3996 mm, 97.9900 mm): Pad 39 [/VBAT_SENSE] of U1 on F.Cu
    @(157.6250 mm, 81.5000 mm): Pad 1 [/VBAT_SENSE] of C27 on F.Cu
[unconnected_items]: Missing connection between items
    Local override; error
    @(167.7000 mm, 63.8450 mm): Pad B4 [+5V] of J2 on F.Cu
    @(172.6000 mm, 63.8450 mm): Pad A4 [+5V] of J2 on F.Cu
[unconnected_items]: Missing connection between items
    Local override; error
    @(172.6000 mm, 63.8450 mm): Pad A4 [+5V] of J2 on F.Cu
    @(173.8000 mm, 66.2500 mm): Pad 1 [+5V] of C9 on F.Cu
[unconnected_items]: Missing connection between items
    Local override; error
    @(173.8000 mm, 66.2500 mm): Pad 1 [+5V] of C9 on F.Cu
    @(181.5250 mm, 68.9050 mm): Pad 4 [+5V] of U4 on F.Cu
[unconnected_items]: Missing connection between items
    Local override; error
    @(186.4750 mm, 65.0950 mm): Pad 8 [+5V] of U4 on F.Cu
    @(183.6750 mm, 63.0000 mm): Pad 1 [+5V] of R6 on F.Cu
[unconnected_items]: Missing connection between items
    Local override; error
    @(186.4750 mm, 65.0950 mm): Pad 8 [+5V] of U4 on F.Cu
    @(189.6750 mm, 63.0000 mm): Pad 1 [+5V] of R7 on F.Cu
[unconnected_items]: Missing connection between items
    Local override; error
    @(186.4750 mm, 65.0950 mm): Pad 8 [+5V] of U4 on F.Cu
    @(181.5250 mm, 68.9050 mm): Pad 4 [+5V] of U4 on F.Cu
[unconnected_items]: Missing connection between items
    Local override; error
    @(182.2875 mm, 63.0000 mm): Pad 2 [Net-(D1-A] of D1 on F.Cu
    @(185.3250 mm, 63.0000 mm): Pad 2 [Net-(D1-A] of R6 on F.Cu
[unconnected_items]: Missing connection between items
    Local override; error
    @(56.0871 mm, 90.6200 mm): Pad 3 [Net-(D4-A] of Q2 on F.Cu
    @(68.1496 mm, 96.7000 mm): PTH pad 2 [Net-(D4-A] of J5
[unconnected_items]: Missing connection between items
    Local override; error
    @(56.7996 mm, 46.5000 mm): Pad 2 [Net-(D4-A] of D4 on F.Cu
    @(56.0871 mm, 90.6200 mm): Pad 3 [Net-(D4-A] of Q2 on F.Cu
[unconnected_items]: Missing connection between items
    Local override; error
    @(68.1496 mm, 96.7000 mm): PTH pad 2 [Net-(D4-A] of J5
    @(81.9246 mm, 88.5000 mm): Pad 2 [Net-(D4-A] of C14 on F.Cu
[unconnected_items]: Missing connection between items
    Local override; error
    @(170.3500 mm, 66.0000 mm): Pad 2 [Net-(J2-CC1] of R1 on F.Cu
    @(171.4000 mm, 63.8450 mm): Pad A5 [Net-(J2-CC1] of J2 on F.Cu
[unconnected_items]: Missing connection between items
    Local override; error
    @(170.4000 mm, 63.8450 mm): Pad A6 [/USB_D+] of J2 on F.Cu
    @(169.4000 mm, 63.8450 mm): Pad B6 [/USB_D+] of J2 on F.Cu
[unconnected_items]: Missing connection between items
    Local override; error
    @(178.8996 mm, 82.7500 mm): Pad 14 [/USB_D+] of U1 on F.Cu
    @(170.4000 mm, 63.8450 mm): Pad A6 [/USB_D+] of J2 on F.Cu
[unconnected_items]: Missing connection between items
    Local override; error
    @(170.9000 mm, 63.8450 mm): Pad B7 [/USB_D-] of J2 on F.Cu
    @(169.9000 mm, 63.8450 mm): Pad A7 [/USB_D-] of J2 on F.Cu
[unconnected_items]: Missing connection between items
    Local override; error
    @(178.8996 mm, 84.0200 mm): Pad 13 [/USB_D-] of U1 on F.Cu
    @(170.9000 mm, 63.8450 mm): Pad B7 [/USB_D-] of J2 on F.Cu
[unconnected_items]: Missing connection between items
    Local override; error
    @(167.8250 mm, 66.0000 mm): Pad 1 [Net-(J2-CC2] of R2 on F.Cu
    @(168.4000 mm, 63.8450 mm): Pad B5 [Net-(J2-CC2] of J2 on F.Cu
[unconnected_items]: Missing connection between items
    Local override; error
    @(173.1750 mm, 78.5000 mm): Pad 1 [/ESP_SCL] of R32 on F.Cu
    @(174.5946 mm, 81.5000 mm): Pad 17 [/ESP_SCL] of U1 on F.Cu
[unconnected_items]: Missing connection between items
    Local override; error
    @(173.1750 mm, 78.5000 mm): Pad 1 [/ESP_SCL] of R32 on F.Cu
    @(68.1496 mm, 123.6400 mm): PTH pad 2 [/ESP_SCL] of J9
[unconnected_items]: Missing connection between items
    Local override; error
    @(176.7750 mm, 73.7000 mm): Pad 4 [/ESP_SCL] of U6 on F.Cu
    @(173.1750 mm, 78.5000 mm): Pad 1 [/ESP_SCL] of R32 on F.Cu
[unconnected_items]: Missing connection between items
    Local override; error
    @(178.5000 mm, 67.8250 mm): Pad 1 [Net-(U4-PROG] of R5 on F.Cu
    @(181.5250 mm, 66.3650 mm): Pad 2 [Net-(U4-PROG] of U4 on F.Cu
[unconnected_items]: Missing connection between items
    Local override; error
    @(180.7125 mm, 63.0000 mm): Pad 1 [Net-(D1-K] of D1 on F.Cu
    @(186.4750 mm, 66.3650 mm): Pad 7 [Net-(D1-K] of U4 on F.Cu
[unconnected_items]: Missing connection between items
    Local override; error
    @(168.9875 mm, 74.2500 mm): Pad 1 [/IMU_MISO] of U2 on F.Cu
    @(169.5146 mm, 81.5000 mm): Pad 21 [/IMU_MISO] of U1 on F.Cu
[unconnected_items]: Missing connection between items
    Local override; error
    @(168.2446 mm, 81.5000 mm): Pad 22 [/IMU_INT] of U1 on F.Cu
    @(168.9875 mm, 75.7500 mm): Pad 4 [/IMU_INT] of U2 on F.Cu
[unconnected_items]: Missing connection between items
    Local override; error
    @(170.6500 mm, 74.0875 mm): Pad 12 [/IMU_CS] of U2 on F.Cu
    @(173.3246 mm, 81.5000 mm): Pad 18 [/IMU_CS] of U1 on F.Cu
[unconnected_items]: Missing connection between items
    Local override; error
    @(170.1500 mm, 74.0875 mm): Pad 13 [/IMU_SCK] of U2 on F.Cu
    @(170.7846 mm, 81.5000 mm): Pad 20 [/IMU_SCK] of U1 on F.Cu
[unconnected_items]: Missing connection between items
    Local override; error
    @(169.6500 mm, 74.0875 mm): Pad 14 [/IMU_MOSI] of U2 on F.Cu
    @(172.0546 mm, 81.5000 mm): Pad 19 [/IMU_MOSI] of U1 on F.Cu
[unconnected_items]: Missing connection between items
    Local override; error
    @(176.1250 mm, 73.7000 mm): Pad 3 [/ESP_SDA] of U6 on F.Cu
    @(176.3750 mm, 78.5000 mm): Pad 1 [/ESP_SDA] of R33 on F.Cu
[unconnected_items]: Missing connection between items
    Local override; error
    @(176.3750 mm, 78.5000 mm): Pad 1 [/ESP_SDA] of R33 on F.Cu
    @(178.8996 mm, 85.2900 mm): Pad 12 [/ESP_SDA] of U1 on F.Cu
[unconnected_items]: Missing connection between items
    Local override; error
    @(176.3750 mm, 78.5000 mm): Pad 1 [/ESP_SDA] of R33 on F.Cu
    @(68.1496 mm, 122.3700 mm): PTH pad 1 [/ESP_SDA] of J9
[unconnected_items]: Missing connection between items
    Local override; error
    @(56.0871 mm, 96.6200 mm): Pad 3 [Net-(D5-A] of Q3 on F.Cu
    @(68.1496 mm, 102.8000 mm): PTH pad 2 [Net-(D5-A] of J6
[unconnected_items]: Missing connection between items
    Local override; error
    @(56.7996 mm, 52.5000 mm): Pad 2 [Net-(D5-A] of D5 on F.Cu
    @(56.0871 mm, 96.6200 mm): Pad 3 [Net-(D5-A] of Q3 on F.Cu
[unconnected_items]: Missing connection between items
    Local override; error
    @(68.1496 mm, 102.8000 mm): PTH pad 2 [Net-(D5-A] of J6
    @(81.9246 mm, 94.5000 mm): Pad 2 [Net-(D5-A] of C15 on F.Cu
[unconnected_items]: Missing connection between items
    Local override; error
    @(66.0746 mm, 133.6450 mm): Pad 1 [/ESP_IO0] of SW2 on F.Cu
    @(70.2246 mm, 133.6450 mm): Pad 1 [/ESP_IO0] of SW2 on F.Cu
[unconnected_items]: Missing connection between items
    Local override; error
    @(107.9746 mm, 46.5000 mm): Pad 2 [/ESP_IO0] of R4 on F.Cu
    @(70.2246 mm, 133.6450 mm): Pad 1 [/ESP_IO0] of SW2 on F.Cu
[unconnected_items]: Missing connection between items
    Local override; error
    @(161.3996 mm, 82.7500 mm): Pad 27 [/ESP_IO0] of U1 on F.Cu
    @(107.9746 mm, 46.5000 mm): Pad 2 [/ESP_IO0] of R4 on F.Cu
[unconnected_items]: Missing connection between items
    Local override; error
    @(106.3246 mm, 148.5000 mm): Pad 1 [Net-(Q5-G] of R31 on F.Cu
    @(107.9746 mm, 142.5000 mm): Pad 2 [Net-(Q5-G] of R30 on F.Cu
[unconnected_items]: Missing connection between items
    Local override; error
    @(107.9746 mm, 142.5000 mm): Pad 2 [Net-(Q5-G] of R30 on F.Cu
    @(54.2121 mm, 107.6700 mm): Pad 1 [Net-(Q5-G] of Q5 on F.Cu
[unconnected_items]: Missing connection between items
    Local override; error
    @(68.1496 mm, 78.1600 mm): PTH pad 2 [/ESP_TXD0] of J3
    @(161.3996 mm, 95.4500 mm): Pad 37 [/ESP_TXD0] of U1 on F.Cu
[unconnected_items]: Missing connection between items
    Local override; error
    @(68.1496 mm, 80.7000 mm): PTH pad 3 [/ESP_RXD0] of J3
    @(161.3996 mm, 94.1800 mm): Pad 36 [/ESP_RXD0] of U1 on F.Cu
[unconnected_items]: Missing connection between items
    Local override; error
    @(106.3246 mm, 94.5000 mm): Pad 1 [/MOTOR3_PWM] of R12 on F.Cu
    @(178.8996 mm, 92.9100 mm): Pad 6 [/MOTOR3_PWM] of U1 on F.Cu
[unconnected_items]: Missing connection between items
    Local override; error
    @(68.9371 mm, 46.5000 mm): Pad 2 [Net-(D13-A] of D13 on F.Cu
    @(107.9746 mm, 184.5000 mm): Pad 2 [Net-(D13-A] of R38 on F.Cu
[unconnected_items]: Missing connection between items
    Local override; error
    @(106.3246 mm, 82.5000 mm): Pad 1 [/MOTOR2_PWM] of R10 on F.Cu
    @(178.8996 mm, 94.1800 mm): Pad 5 [/MOTOR2_PWM] of U1 on F.Cu
[unconnected_items]: Missing connection between items
    Local override; error
    @(68.1496 mm, 115.0000 mm): PTH pad 2 [/GPS_TX] of J8
    @(178.8996 mm, 86.5600 mm): Pad 11 [/GPS_TX] of U1 on F.Cu
[unconnected_items]: Missing connection between items
    Local override; error
    @(68.1496 mm, 116.2700 mm): PTH pad 3 [/GPS_RX] of J8
    @(178.8996 mm, 87.8300 mm): Pad 10 [/GPS_RX] of U1 on F.Cu
[unconnected_items]: Missing connection between items
    Local override; error
    @(54.3621 mm, 72.6200 mm): Pad 1 [Net-(D8-K] of D8 on F.Cu
    @(106.3246 mm, 136.5000 mm): Pad 1 [Net-(D8-K] of R29 on F.Cu
[unconnected_items]: Missing connection between items
    Local override; error
    @(54.2121 mm, 83.6700 mm): Pad 1 [Net-(Q1-G] of Q1 on F.Cu
    @(106.3246 mm, 76.5000 mm): Pad 1 [Net-(Q1-G] of R9 on F.Cu
[unconnected_items]: Missing connection between items
    Local override; error
    @(106.3246 mm, 76.5000 mm): Pad 1 [Net-(Q1-G] of R9 on F.Cu
    @(107.9746 mm, 70.5000 mm): Pad 2 [Net-(Q1-G] of R8 on F.Cu
[unconnected_items]: Missing connection between items
    Local override; error
    @(55.9371 mm, 72.6200 mm): Pad 2 [/LED_STATUS] of D8 on F.Cu
    @(177.1346 mm, 81.5000 mm): Pad 15 [/LED_STATUS] of U1 on F.Cu
[unconnected_items]: Missing connection between items
    Local override; error
    @(68.9371 mm, 28.5000 mm): Pad 2 [Net-(D10-A] of D10 on F.Cu
    @(107.9746 mm, 166.5000 mm): Pad 2 [Net-(D10-A] of R35 on F.Cu
[unconnected_items]: Missing connection between items
    Local override; error
    @(56.0871 mm, 102.6200 mm): Pad 3 [Net-(D6-A] of Q4 on F.Cu
    @(68.1496 mm, 108.9000 mm): PTH pad 2 [Net-(D6-A] of J7
[unconnected_items]: Missing connection between items
    Local override; error
    @(56.7996 mm, 58.5000 mm): Pad 2 [Net-(D6-A] of D6 on F.Cu
    @(56.0871 mm, 102.6200 mm): Pad 3 [Net-(D6-A] of Q4 on F.Cu
[unconnected_items]: Missing connection between items
    Local override; error
    @(94.9246 mm, 28.5000 mm): Pad 2 [Net-(D6-A] of C16 on F.Cu
    @(56.7996 mm, 58.5000 mm): Pad 2 [Net-(D6-A] of D6 on F.Cu
[unconnected_items]: Missing connection between items
    Local override; error
    @(68.9371 mm, 40.5000 mm): Pad 2 [Net-(D12-A] of D12 on F.Cu
    @(107.9746 mm, 178.5000 mm): Pad 2 [Net-(D12-A] of R37 on F.Cu
[unconnected_items]: Missing connection between items
    Local override; error
    @(106.3246 mm, 142.5000 mm): Pad 1 [/BUZZER_CTRL] of R30 on F.Cu
    @(164.4346 mm, 81.5000 mm): Pad 25 [/BUZZER_CTRL] of U1 on F.Cu
[unconnected_items]: Missing connection between items
    Local override; error
    @(106.3246 mm, 130.5000 mm): Pad 1 [/LED_RGB_DIN] of R28 on F.Cu
    @(161.3996 mm, 96.7200 mm): Pad 38 [/LED_RGB_DIN] of U1 on F.Cu
[unconnected_items]: Missing connection between items
    Local override; error
    @(106.3246 mm, 70.5000 mm): Pad 1 [/MOTOR1_PWM] of R8 on F.Cu
    @(178.8996 mm, 95.4500 mm): Pad 4 [/MOTOR1_PWM] of U1 on F.Cu

** Found 0 Footprint errors **

** Ignored checks **
    - Footprint has no courtyard defined
    - Track endpoint not centered on via
    - Tuning profile track geometries
    - Footprint doesn't match symbol's footprint filters
    - Footprint component type doesn't match footprint pads

** End of Report **
