** Drc report for drone_frame_clean.kicad_pcb **
** Created on 2026-10-02T12:29:30 **
** Report includes: Errors, Warnings **

** Found 28 DRC violations **
[invalid_outline]: Board has malformed outline (self-intersecting)
    Local override; error
    @(125.9657 mm, 121.7157 mm): Circle on Edge.Cuts
    @(125.9657 mm, 178.2843 mm): Circle on Edge.Cuts
[invalid_outline]: Board has malformed outline (self-intersecting)
    Local override; error
    @(125.9657 mm, 121.7157 mm): Circle on Edge.Cuts
    @(138.3500 mm, 137.2500 mm): Circle on Edge.Cuts
[invalid_outline]: Board has malformed outline (self-intersecting)
    Local override; error
    @(125.9657 mm, 121.7157 mm): Circle on Edge.Cuts
    @(138.3500 mm, 162.7500 mm): Circle on Edge.Cuts
[invalid_outline]: Board has malformed outline (self-intersecting)
    Local override; error
    @(125.9657 mm, 121.7157 mm): Circle on Edge.Cuts
    @(163.8500 mm, 137.2500 mm): Circle on Edge.Cuts
[invalid_outline]: Board has malformed outline (self-intersecting)
    Local override; error
    @(125.9657 mm, 121.7157 mm): Circle on Edge.Cuts
    @(163.8500 mm, 162.7500 mm): Circle on Edge.Cuts
[invalid_outline]: Board has malformed outline (self-intersecting)
    Local override; error
    @(125.9657 mm, 121.7157 mm): Circle on Edge.Cuts
    @(182.5343 mm, 121.7157 mm): Circle on Edge.Cuts
[invalid_outline]: Board has malformed outline (self-intersecting)
    Local override; error
    @(125.9657 mm, 121.7157 mm): Circle on Edge.Cuts
    @(182.5343 mm, 178.2843 mm): Circle on Edge.Cuts
[invalid_outline]: Board has malformed outline (self-intersecting)
    Local override; error
    @(125.9657 mm, 178.2843 mm): Circle on Edge.Cuts
    @(138.3500 mm, 137.2500 mm): Circle on Edge.Cuts
[invalid_outline]: Board has malformed outline (self-intersecting)
    Local override; error
    @(125.9657 mm, 178.2843 mm): Circle on Edge.Cuts
    @(138.3500 mm, 162.7500 mm): Circle on Edge.Cuts
[invalid_outline]: Board has malformed outline (self-intersecting)
    Local override; error
    @(125.9657 mm, 178.2843 mm): Circle on Edge.Cuts
    @(163.8500 mm, 137.2500 mm): Circle on Edge.Cuts
[invalid_outline]: Board has malformed outline (self-intersecting)
    Local override; error
    @(125.9657 mm, 178.2843 mm): Circle on Edge.Cuts
    @(163.8500 mm, 162.7500 mm): Circle on Edge.Cuts
[invalid_outline]: Board has malformed outline (self-intersecting)
    Local override; error
    @(125.9657 mm, 178.2843 mm): Circle on Edge.Cuts
    @(182.5343 mm, 121.7157 mm): Circle on Edge.Cuts
[invalid_outline]: Board has malformed outline (self-intersecting)
    Local override; error
    @(125.9657 mm, 178.2843 mm): Circle on Edge.Cuts
    @(182.5343 mm, 178.2843 mm): Circle on Edge.Cuts
[invalid_outline]: Board has malformed outline (self-intersecting)
    Local override; error
    @(138.3500 mm, 137.2500 mm): Circle on Edge.Cuts
    @(138.3500 mm, 162.7500 mm): Circle on Edge.Cuts
[invalid_outline]: Board has malformed outline (self-intersecting)
    Local override; error
    @(138.3500 mm, 137.2500 mm): Circle on Edge.Cuts
    @(163.8500 mm, 137.2500 mm): Circle on Edge.Cuts
[invalid_outline]: Board has malformed outline (self-intersecting)
    Local override; error
    @(138.3500 mm, 137.2500 mm): Circle on Edge.Cuts
    @(163.8500 mm, 162.7500 mm): Circle on Edge.Cuts
[invalid_outline]: Board has malformed outline (self-intersecting)
    Local override; error
    @(138.3500 mm, 137.2500 mm): Circle on Edge.Cuts
    @(182.5343 mm, 121.7157 mm): Circle on Edge.Cuts
[invalid_outline]: Board has malformed outline (self-intersecting)
    Local override; error
    @(138.3500 mm, 137.2500 mm): Circle on Edge.Cuts
    @(182.5343 mm, 178.2843 mm): Circle on Edge.Cuts
[invalid_outline]: Board has malformed outline (self-intersecting)
    Local override; error
    @(138.3500 mm, 162.7500 mm): Circle on Edge.Cuts
    @(163.8500 mm, 137.2500 mm): Circle on Edge.Cuts
[invalid_outline]: Board has malformed outline (self-intersecting)
    Local override; error
    @(138.3500 mm, 162.7500 mm): Circle on Edge.Cuts
    @(163.8500 mm, 162.7500 mm): Circle on Edge.Cuts
[invalid_outline]: Board has malformed outline (self-intersecting)
    Local override; error
    @(138.3500 mm, 162.7500 mm): Circle on Edge.Cuts
    @(182.5343 mm, 121.7157 mm): Circle on Edge.Cuts
[invalid_outline]: Board has malformed outline (self-intersecting)
    Local override; error
    @(138.3500 mm, 162.7500 mm): Circle on Edge.Cuts
    @(182.5343 mm, 178.2843 mm): Circle on Edge.Cuts
[invalid_outline]: Board has malformed outline (self-intersecting)
    Local override; error
    @(163.8500 mm, 137.2500 mm): Circle on Edge.Cuts
    @(163.8500 mm, 162.7500 mm): Circle on Edge.Cuts
[invalid_outline]: Board has malformed outline (self-intersecting)
    Local override; error
    @(163.8500 mm, 137.2500 mm): Circle on Edge.Cuts
    @(182.5343 mm, 121.7157 mm): Circle on Edge.Cuts
[invalid_outline]: Board has malformed outline (self-intersecting)
    Local override; error
    @(163.8500 mm, 137.2500 mm): Circle on Edge.Cuts
    @(182.5343 mm, 178.2843 mm): Circle on Edge.Cuts
[invalid_outline]: Board has malformed outline (self-intersecting)
    Local override; error
    @(163.8500 mm, 162.7500 mm): Circle on Edge.Cuts
    @(182.5343 mm, 121.7157 mm): Circle on Edge.Cuts
[invalid_outline]: Board has malformed outline (self-intersecting)
    Local override; error
    @(163.8500 mm, 162.7500 mm): Circle on Edge.Cuts
    @(182.5343 mm, 178.2843 mm): Circle on Edge.Cuts
[invalid_outline]: Board has malformed outline (self-intersecting)
    Local override; error
    @(182.5343 mm, 121.7157 mm): Circle on Edge.Cuts
    @(182.5343 mm, 178.2843 mm): Circle on Edge.Cuts

** Found 0 unconnected pads **

** Found 0 Footprint errors **

** Ignored checks **
    - Footprint has no courtyard defined
    - Track endpoint not centered on via
    - Tuning profile track geometries
    - Footprint doesn't match symbol's footprint filters
    - Footprint component type doesn't match footprint pads

** End of Report **
