** Drc report for internship.kicad_pcb **
** Created on 2026-10-03T10:30:17 **
** Report includes: Errors, Warnings, Exclusions **

** Found 0 DRC violations **

** Found 0 unconnected pads **

** Found 0 Footprint errors **

** Ignored checks **
    - Footprint has no courtyard defined
    - Track endpoint not centered on via
    - Tuning profile track geometries
    - Footprint attributes don't match symbol
    - Footprint field does not match symbol field
    - Footprint doesn't match symbol's footprint filters
    - Pad net doesn't match schematic
    - Silkscreen clearance
    - Silkscreen clipped by solder mask
    - Silkscreen clipped by board edge
    - Footprint component type doesn't match footprint pads
    - Footprint not found in libraries
    - Footprint doesn't match copy in library

** End of Report **
